// Jest Snapshot v1, https://goo.gl/fbAQLP

exports[`renders homepage unchanged 1`] = `
<div>
  <div
    class="relative isolate w-full px-6 pt-8 pb-16 lg:px-8 text-white overflow-hidden"
  >
    <div
      aria-hidden="true"
      class="pointer-events-none absolute inset-0 -z-10"
    >
      <div
        class="absolute -top-32 left-1/2 -translate-x-1/2 w-[600px] h-[600px] rounded-full opacity-20"
        style="filter: blur(40px);"
      />
      <div
        class="absolute top-1/2 -right-32 w-[400px] h-[400px] rounded-full opacity-10"
        style="filter: blur(50px);"
      />
    </div>
    <div
      class="mx-auto max-w-2xl py-8"
    >
      <div
        class="text-center"
      >
        <div
          class="focus-container"
        >
          <span
            class="focus-word manual "
            style="filter: blur(0px); --border-color: rgba(96,165,250,0.7); --glow-color: rgba(0, 255, 0, 0.6); transition: filter 2s ease;"
          >
            Software
          </span>
          <span
            class="focus-word manual "
            style="filter: blur(4px); --border-color: rgba(96,165,250,0.7); --glow-color: rgba(0, 255, 0, 0.6); transition: filter 2s ease;"
          >
            Developer
          </span>
          <div
            class="focus-frame"
            style="--border-color: rgba(96,165,250,0.7); --glow-color: rgba(0, 255, 0, 0.6);"
          >
            <span
              class="corner top-left"
            />
            <span
              class="corner top-right"
            />
            <span
              class="corner bottom-left"
            />
            <span
              class="corner bottom-right"
            />
          </div>
        </div>
        <h1
          class="mt-6 text-5xl font-bold tracking-tight sm:text-7xl"
        >
          <span
            class="gradient-text"
          >
            José Germán
          </span>
        </h1>
        <p
          class="mt-6 text-base leading-7 text-slate-400 max-w-lg mx-auto"
        >
          +15 años de experiencia como desarrollador web Full Stack en JavaScript.
        </p>
        <div
          class="mt-4 h-12 flex items-center justify-center"
        >
          <span
            class="text-3xl font-semibold text-slate-300"
          />
          <span
            aria-hidden="true"
            class="typed-cursor"
          >
            |
          </span>
        </div>
        <div
          class="mt-8 flex items-center justify-center gap-4 flex-wrap"
        >
          <a
            class="inline-flex items-center gap-2 px-6 py-3 rounded-full text-sm font-semibold text-white transition-all duration-200 hover:scale-[1.03] hover:shadow-[0_0_24px_rgba(96,165,250,0.3)]"
            href="https://links.jgxdev.com/"
            target="_blank"
          >
            <svg
              class="h-4 w-4"
              fill="currentColor"
              viewBox="0 0 20 20"
              xmlns="http://www.w3.org/2000/svg"
            >
              <path
                d="M11 3a1 1 0 100 2h3.586L9.293 9.293a1 1 0 101.414 1.414L16 6.414V10a1 1 0 102 0V4a1 1 0 00-1-1h-6z"
              />
              <path
                d="M5 5a2 2 0 00-2 2v8a2 2 0 002 2h8a2 2 0 002-2v-3a1 1 0 10-2 0v3H5V7h3a1 1 0 000-2H5z"
              />
            </svg>
            Links de interés
          </a>
          <a
            class="inline-flex items-center gap-2 px-6 py-3 rounded-full text-sm font-semibold text-slate-300 hover:text-white transition-all duration-200 hover:scale-[1.03]"
            href="https://www.linkedin.com/newsletters/7078460407316635648/"
            style="background: rgba(255, 255, 255, 0.05); border: 1px solid rgba(255,255,255,0.12);"
            target="_blank"
          >
            Newsletter
          </a>
        </div>
      </div>
    </div>
    <div
      class="flex justify-center gap-4 mt-8"
    >
      <a
        class="group flex items-center justify-center w-10 h-10 rounded-full transition-all duration-200"
        href="https://www.github.com/josegermanx/"
        rel="noopener noreferrer"
        style="background: rgba(255, 255, 255, 0.05); border: 1px solid rgba(255,255,255,0.1);"
        target="_blank"
        title="GitHub"
      >
        <img
          alt="GitHub"
          class="opacity-60 group-hover:opacity-100 transition-opacity invert"
          data-nimg="1"
          decoding="async"
          height="18"
          loading="lazy"
          src="/images/github.svg"
          style="color: transparent;"
          width="18"
        />
      </a>
      <a
        class="group flex items-center justify-center w-10 h-10 rounded-full transition-all duration-200"
        href="https://www.linkedin.com/in/josegermanx/"
        rel="noopener noreferrer"
        style="background: rgba(255, 255, 255, 0.05); border: 1px solid rgba(255,255,255,0.1);"
        target="_blank"
        title="LinkedIn"
      >
        <img
          alt="LinkedIn"
          class="opacity-60 group-hover:opacity-100 transition-opacity invert"
          data-nimg="1"
          decoding="async"
          height="18"
          loading="lazy"
          src="/images/linkedin.svg"
          style="color: transparent;"
          width="18"
        />
      </a>
    </div>
  </div>
</div>
`;
